=== RUN   TestAllTools
=== INICIANDO MEGA TESTE DE TODAS AS 30+ FERRAMENTAS ===

[TEST] Criar Workbook (create-workbook)... OK Ô£à
   -> CREATE WORKBOOK OK: Pasta6

[TEST] Renomear Aba Padr├úo (rename-sheet)... OK Ô£à
   -> RENAME SHEET OK: Planilha1 -> Dados

[TEST] Criar Segunda Aba (create-sheet)... OK Ô£à
   -> CREATE SHEET OK: Relatorio

[TEST] Verificar Aba Existe (sheet-exists)... OK Ô£à
   -> EXISTS (Relatorio): true

[TEST] Listar Abas (list-sheets)... OK Ô£à
   -> SHEETS: [Relatorio Dados]

[TEST] Escrever Cabe├ºalho (write)... [ExcelClient] Erro runWithResult tentativa 1/10: aba 'Planilha1' n├úo encontrada: Exce├º├úo. (<nil>)
[ExcelClient] Erro runOnCOMThread tentativa 1/10: aba 'Planilha1' n├úo encontrada: Exce├º├úo. (<nil>)
FAIL ÔØî (aba 'Planilha1' n├úo encontrada: Exce├º├úo. (<nil>))
    integration_test.go:80: Falha em Escrever Cabe├ºalho: aba 'Planilha1' n├úo encontrada: Exce├º├úo. (<nil>)

[TEST] Escrever Valor (write)... [ExcelClient] Erro runWithResult tentativa 1/10: aba 'Planilha1' n├úo encontrada: Exce├º├úo. (<nil>)
[ExcelClient] Erro runOnCOMThread tentativa 1/10: aba 'Planilha1' n├úo encontrada: Exce├º├úo. (<nil>)
FAIL ÔØî (aba 'Planilha1' n├úo encontrada: Exce├º├úo. (<nil>))
    integration_test.go:83: Falha em Escrever Valor: aba 'Planilha1' n├úo encontrada: Exce├º├úo. (<nil>)

[TEST] Add Prod Mouse (write)... [ExcelClient] Erro runWithResult tentativa 1/10: aba 'Planilha1' n├úo encontrada: Exce├º├úo. (<nil>)
[ExcelClient] Erro runOnCOMThread tentativa 1/10: aba 'Planilha1' n├úo encontrada: Exce├º├úo. (<nil>)
FAIL ÔØî (aba 'Planilha1' n├úo encontrada: Exce├º├úo. (<nil>))
    integration_test.go:93: Falha em Add Prod Mouse: aba 'Planilha1' n├úo encontrada: Exce├º├úo. (<nil>)

[TEST] Add Price 50 (write)... [ExcelClient] Erro runWithResult tentativa 1/10: aba 'Planilha1' n├úo encontrada: Exce├º├úo. (<nil>)
[ExcelClient] Erro runOnCOMThread tentativa 1/10: aba 'Planilha1' n├úo encontrada: Exce├º├úo. (<nil>)
FAIL ÔØî (aba 'Planilha1' n├úo encontrada: Exce├º├úo. (<nil>))
    integration_test.go:96: Falha em Add Price 50: aba 'Planilha1' n├úo encontrada: Exce├º├úo. (<nil>)

[TEST] Add Prod Teclado (write)... [ExcelClient] Erro runWithResult tentativa 1/10: aba 'Planilha1' n├úo encontrada: Exce├º├úo. (<nil>)
[ExcelClient] Erro runOnCOMThread tentativa 1/10: aba 'Planilha1' n├úo encontrada: Exce├º├úo. (<nil>)
FAIL ÔØî (aba 'Planilha1' n├úo encontrada: Exce├º├úo. (<nil>))
    integration_test.go:93: Falha em Add Prod Teclado: aba 'Planilha1' n├úo encontrada: Exce├º├úo. (<nil>)

[TEST] Add Price 150 (write)... [ExcelClient] Erro runWithResult tentativa 1/10: aba 'Planilha1' n├úo encontrada: Exce├º├úo. (<nil>)
[ExcelClient] Erro runOnCOMThread tentativa 1/10: aba 'Planilha1' n├úo encontrada: Exce├º├úo. (<nil>)
FAIL ÔØî (aba 'Planilha1' n├úo encontrada: Exce├º├úo. (<nil>))
    integration_test.go:96: Falha em Add Price 150: aba 'Planilha1' n├úo encontrada: Exce├º├úo. (<nil>)

[TEST] Add Prod Monitor (write)... [ExcelClient] Erro runWithResult tentativa 1/10: aba 'Planilha1' n├úo encontrada: Exce├º├úo. (<nil>)
[ExcelClient] Erro runOnCOMThread tentativa 1/10: aba 'Planilha1' n├úo encontrada: Exce├º├úo. (<nil>)
FAIL ÔØî (aba 'Planilha1' n├úo encontrada: Exce├º├úo. (<nil>))
    integration_test.go:93: Falha em Add Prod Monitor: aba 'Planilha1' n├úo encontrada: Exce├º├úo. (<nil>)

[TEST] Add Price 1200 (write)... [ExcelClient] Erro runWithResult tentativa 1/10: aba 'Planilha1' n├úo encontrada: Exce├º├úo. (<nil>)
[ExcelClient] Erro runOnCOMThread tentativa 1/10: aba 'Planilha1' n├úo encontrada: Exce├º├úo. (<nil>)
FAIL ÔØî (aba 'Planilha1' n├úo encontrada: Exce├º├úo. (<nil>))
    integration_test.go:96: Falha em Add Price 1200: aba 'Planilha1' n├úo encontrada: Exce├º├úo. (<nil>)

[TEST] Add Prod Cabo (write)... [ExcelClient] Erro runWithResult tentativa 1/10: aba 'Planilha1' n├úo encontrada: Exce├º├úo. (<nil>)
[ExcelClient] Erro runOnCOMThread tentativa 1/10: aba 'Planilha1' n├úo encontrada: Exce├º├úo. (<nil>)
FAIL ÔØî (aba 'Planilha1' n├úo encontrada: Exce├º├úo. (<nil>))
    integration_test.go:93: Falha em Add Prod Cabo: aba 'Planilha1' n├úo encontrada: Exce├º├úo. (<nil>)

[TEST] Add Price 20 (write)... [ExcelClient] Erro runWithResult tentativa 1/10: aba 'Planilha1' n├úo encontrada: Exce├º├úo. (<nil>)
[ExcelClient] Erro runOnCOMThread tentativa 1/10: aba 'Planilha1' n├úo encontrada: Exce├º├úo. (<nil>)
FAIL ÔØî (aba 'Planilha1' n├úo encontrada: Exce├º├úo. (<nil>))
    integration_test.go:96: Falha em Add Price 20: aba 'Planilha1' n├úo encontrada: Exce├º├úo. (<nil>)

[TEST] Ler C├®lula (get-cell-formula)... [ExcelClient] Erro runWithResult tentativa 1/10: aba '' n├úo encontrada: Exce├º├úo. (<nil>)
FAIL ÔØî (aba '' n├úo encontrada: Exce├º├úo. (<nil>))
    integration_test.go:101: Falha em Ler C├®lula: aba '' n├úo encontrada: Exce├º├úo. (<nil>)

[TEST] Obter Used Range (get-used-range)... OK Ô£à
   -> USED RANGE (Dados): $A$1

[TEST] Negrito Header (format-range)... OK Ô£à
   -> FORMAT RANGE OK

[TEST] Cor de Fundo (format-range)... OK Ô£à
   -> FORMAT RANGE OK

[TEST] Set Column Width (set-column-width)... OK Ô£à
   -> COL WIDTH OK

[TEST] AutoFit (autofit)... OK Ô£à
   -> AUTOFIT OK

[TEST] Set Row Height (set-row-height)... OK Ô£à
   -> ROW HEIGHT OK

[TEST] Bordas (set-borders)... OK Ô£à
   -> BORDERS OK

[TEST] Inserir Linha Topo (insert-rows)... OK Ô£à
   -> INSERT ROWS OK: 0 at 0

[TEST] Deletar Linha Inserida (delete-rows)... [ExcelClient] Erro runOnCOMThread tentativa 1/10: Exce├º├úo. (<nil>)
FAIL ÔØî (Exce├º├úo. (<nil>))
    integration_test.go:128: Falha em Deletar Linha Inserida: Exce├º├úo. (<nil>)

[TEST] Mesclar C├®lulas (Titulo) (merge-cells)... OK Ô£à
   -> MERGE OK

[TEST] Escrever no Merge (write)... [ExcelClient] Erro runWithResult tentativa 1/10: aba 'Planilha1' n├úo encontrada: Exce├º├úo. (<nil>)
[ExcelClient] Erro runOnCOMThread tentativa 1/10: aba 'Planilha1' n├úo encontrada: Exce├º├úo. (<nil>)
FAIL ÔØî (aba 'Planilha1' n├úo encontrada: Exce├º├úo. (<nil>))
    integration_test.go:135: Falha em Escrever no Merge: aba 'Planilha1' n├úo encontrada: Exce├º├úo. (<nil>)

[TEST] Desmesclar (unmerge-cells)... OK Ô£à
   -> UNMERGE OK

[TEST] Criar Tabela (create-table)... OK Ô£à
   -> CREATE TABLE OK

[TEST] Listar Tabelas (list-tables)... FAIL ÔØî (unknown query type: list-tables)
    integration_test.go:146: Falha em Listar Tabelas: unknown query type: list-tables

[TEST] Dados Filter (write)... [ExcelClient] Erro runWithResult tentativa 1/10: aba 'Planilha1' n├úo encontrada: Exce├º├úo. (<nil>)
[ExcelClient] Erro runOnCOMThread tentativa 1/10: aba 'Planilha1' n├úo encontrada: Exce├º├úo. (<nil>)
FAIL ÔØî (aba 'Planilha1' n├úo encontrada: Exce├º├úo. (<nil>))
    integration_test.go:149: Falha em Dados Filter: aba 'Planilha1' n├úo encontrada: Exce├º├úo. (<nil>)

[TEST] Aplicar Filtro (apply-filter)... [ExcelClient] Erro runOnCOMThread tentativa 1/10: Exce├º├úo. (O m├®todo AutoFilter da classe Range falhou)
FAIL ÔØî (Exce├º├úo. (O m├®todo AutoFilter da classe Range falhou))
    integration_test.go:152: Falha em Aplicar Filtro: Exce├º├úo. (O m├®todo AutoFilter da classe Range falhou)

[TEST] Limpar Filtros (clear-filters)... OK Ô£à
   -> FILTERS CLEARED OK

[TEST] Ordenar Pre├ºo Desc (sort)... panic: runtime error: invalid memory address or nil pointer dereference
[signal 0xc0000005 code=0x0 addr=0x0 pc=0x7ff678dc6c4a]

goroutine 8 [running]:
excel-ai/internal/services/excel.(*Service).SortRange.(*Client).SortRange.func1()
	C:/Projetos/Excel-ai/pkg/excel/operations.go:62 +0x2ca
excel-ai/pkg/excel.(*Client).runOnCOMThread.func1()
	C:/Projetos/Excel-ai/pkg/excel/client.go:91 +0xb4
excel-ai/pkg/excel.NewClient.func1()
	C:/Projetos/Excel-ai/pkg/excel/client.go:58 +0x173
created by excel-ai/pkg/excel.NewClient in goroutine 7
	C:/Projetos/Excel-ai/pkg/excel/client.go:24 +0xe7
FAIL	excel-ai/internal/services/chat	8.601s
FAIL
